// Jest Snapshot v1, https://goo.gl/fbAQLP

exports[`renders the UI as expected 1`] = `
<nav
  className="Header"
>
  <h1
    className="headerlink"
  >
    <a
      href="/"
      onClick={[Function]}
    >
      Create A Hogwarts Student!
    </a>
  </h1>
  <div
    className="Header__not-logged-in"
  >
    <a
      className="registerlink"
      href="/register"
      onClick={[Function]}
    >
       Create an account 
    </a>
    <p />
    <a
      className="loginlink"
      href="/login"
      onClick={[Function]}
    >
       Log in 
    </a>
  </div>
</nav>
`;
